// Jest Snapshot v1, https://goo.gl/fbAQLP

exports[`Link-U should render a content 1`] = `"<u class=\\"Link-U\\">Common link with more clickable zone</u>"`;

exports[`Link-U should render a content 2`] = `"<u class=\\"Link-U Link_wrap-U Link_pseudo-U Link_pseudoBlack-U\\">Pseudo black link with more clickable zone</u>"`;
