// Jest Snapshot v1, https://goo.gl/fbAQLP

exports[`Button matches snapshot 1`] = `"<button class=\\"Button\\">Open</button>"`;

exports[`Button matches snapshot 2`] = `"<button class=\\"Button ConstructorForm-SubmitButton\\" type=\\"submit\\" tabindex=\\"0\\">Make work from 5 tasks</button>"`;
